c_prior_explicit_seed0_sig0 0.9399999976158142
c_prior_explicit_seed0_sig0.1 0.9399999976158142
c_prior_explicit_seed0_sig0.25 0.8899999856948853
c_prior_explicit_seed0_sig0.5 0.7299999594688416
c_prior_explicit_seed0_sig1.0 0.0
d_prior_explicit_snmr_seed0_sig0 0.9199999570846558
d_prior_explicit_snmr_seed0_sig0.1 0.9399999976158142
d_prior_explicit_snmr_seed0_sig0.25 0.9399999976158142
d_prior_explicit_snmr_seed0_sig0.5 0.7599999904632568
d_prior_explicit_snmr_seed0_sig1.0 0.0
c_prior_explicit_seed1_sig0 0.949999988079071
c_prior_explicit_seed1_sig0.1 0.9599999785423279
c_prior_explicit_seed1_sig0.25 0.8899999856948853
c_prior_explicit_seed1_sig0.5 0.7599999904632568
c_prior_explicit_seed1_sig1.0 0.009999999776482582
d_prior_explicit_snmr_seed1_sig0 0.9199999570846558
d_prior_explicit_snmr_seed1_sig0.1 0.9300000071525574
d_prior_explicit_snmr_seed1_sig0.25 0.8899999856948853
d_prior_explicit_snmr_seed1_sig0.5 0.7999999523162842
d_prior_explicit_snmr_seed1_sig1.0 0.029999999329447746
c_prior_explicit_seed2_sig0 0.949999988079071
c_prior_explicit_seed2_sig0.1 0.949999988079071
c_prior_explicit_seed2_sig0.25 0.9399999976158142
c_prior_explicit_seed2_sig0.5 0.75
c_prior_explicit_seed2_sig1.0 0.0
d_prior_explicit_snmr_seed2_sig0 0.9300000071525574
d_prior_explicit_snmr_seed2_sig0.1 0.949999988079071
d_prior_explicit_snmr_seed2_sig0.25 0.9099999666213989
d_prior_explicit_snmr_seed2_sig0.5 0.7999999523162842
d_prior_explicit_snmr_seed2_sig1.0 0.009999999776482582
d_zretnoise_seed0_sig0.5 0.9300000071525574
d_zretnoise_seed0_sig1.0 0.9300000071525574
d_zretnoise_seed0_sig2.0 0.9399999976158142
E61_DONE
c_prior_explicit_seed0_sig0.4_n1024 0.8955078125
d_prior_explicit_snmr_seed0_sig0.4_n1024 0.859375
c_prior_explicit_seed1_sig0.4_n1024 0.865234375
d_prior_explicit_snmr_seed1_sig0.4_n1024 0.880859375
c_prior_explicit_seed2_sig0.4_n1024 0.869140625
d_prior_explicit_snmr_seed2_sig0.4_n1024 0.873046875
c_prior_explicit_seed0_sig0.5_n1024 0.74609375
d_prior_explicit_snmr_seed0_sig0.5_n1024 0.771484375
c_prior_explicit_seed1_sig0.5_n1024 0.7646484375
d_prior_explicit_snmr_seed1_sig0.5_n1024 0.7666015625
c_prior_explicit_seed2_sig0.5_n1024 0.771484375
d_prior_explicit_snmr_seed2_sig0.5_n1024 0.7646484375
c_prior_explicit_seed0_sig0.6_n1024 0.587890625
d_prior_explicit_snmr_seed0_sig0.6_n1024 0.5693359375
c_prior_explicit_seed1_sig0.6_n1024 0.591796875
d_prior_explicit_snmr_seed1_sig0.6_n1024 0.60546875
c_prior_explicit_seed2_sig0.6_n1024 0.556640625
d_prior_explicit_snmr_seed2_sig0.6_n1024 0.580078125
c_prior_explicit_seed0_sig0.75_n1024 0.287109375
d_prior_explicit_snmr_seed0_sig0.75_n1024 0.2529296875
c_prior_explicit_seed1_sig0.75_n1024 0.2666015625
d_prior_explicit_snmr_seed1_sig0.75_n1024 0.26171875
c_prior_explicit_seed2_sig0.75_n1024 0.2509765625
d_prior_explicit_snmr_seed2_sig0.75_n1024 0.2607421875
E61B_DONE
